[09-Mar-2020 21:31:40 Europe/Copenhagen] PHP Warning:  "continue" targeting switch is equivalent to "break". Did you mean to use "continue 2"? in /Users/annashelestiuk/Documents/bellcom-frontend/decreto-2.0/web/modules/contrib/calendar/src/CalendarHelper.php on line 469
[09-Mar-2020 21:38:39 Europe/Copenhagen] PHP Warning:  "continue" targeting switch is equivalent to "break". Did you mean to use "continue 2"? in /Users/annashelestiuk/Documents/bellcom-frontend/decreto-2.0/web/modules/contrib/calendar/src/CalendarHelper.php on line 469
[09-Mar-2020 23:22:16 Europe/Copenhagen] PHP Warning:  "continue" targeting switch is equivalent to "break". Did you mean to use "continue 2"? in /Users/annashelestiuk/Documents/bellcom-frontend/decreto-2.0/web/modules/contrib/calendar/src/CalendarHelper.php on line 469
[10-Mar-2020 08:42:33 Europe/Copenhagen] PHP Warning:  "continue" targeting switch is equivalent to "break". Did you mean to use "continue 2"? in /Users/annashelestiuk/Documents/bellcom-frontend/decreto-2.0/web/modules/contrib/calendar/src/CalendarHelper.php on line 469
[10-Mar-2020 16:53:06 Europe/Copenhagen] PHP Warning:  "continue" targeting switch is equivalent to "break". Did you mean to use "continue 2"? in /Users/annashelestiuk/Documents/bellcom-frontend/decreto-2.0/web/modules/contrib/calendar/src/CalendarHelper.php on line 469
[11-Mar-2020 21:57:50 Europe/Copenhagen] PHP Warning:  "continue" targeting switch is equivalent to "break". Did you mean to use "continue 2"? in /Users/annashelestiuk/Documents/bellcom-frontend/decreto-2.0/web/modules/contrib/calendar/src/CalendarHelper.php on line 469
[12-Mar-2020 13:01:13 Europe/Copenhagen] Uncaught PHP Exception Twig\Error\SyntaxError: "Unexpected token "string" of value "time" ("name" expected)." at /Users/annashelestiuk/Documents/bellcom-frontend/decreto-2.0/web/themes/custom/custom_theme/templates/node/full/node--decreto-meeting.html.twig line 26
[12-Mar-2020 13:02:03 Europe/Copenhagen] TypeError: DateTime::__construct() expects parameter 1 to be string, array given in /Users/annashelestiuk/Documents/bellcom-frontend/decreto-2.0/vendor/twig/twig/src/Extension/CoreExtension.php on line 497 #0 /Users/annashelestiuk/Documents/bellcom-frontend/decreto-2.0/vendor/twig/twig/src/Extension/CoreExtension.php(497): DateTime->__construct(Array, Object(DateTimeZone))
#1 /Users/annashelestiuk/Documents/bellcom-frontend/decreto-2.0/vendor/twig/twig/src/Extension/CoreExtension.php(428): twig_date_converter(Object(Drupal\Core\Template\TwigEnvironment), Array, Object(DateTimeZone))
#2 /Users/annashelestiuk/Documents/bellcom-frontend/decreto-2.0/vendor/twig/twig/src/Environment.php(497) : eval()'d code(93): twig_date_format_filter(Object(Drupal\Core\Template\TwigEnvironment), Array, 'M')
#3 /Users/annashelestiuk/Documents/bellcom-frontend/decreto-2.0/vendor/twig/twig/src/Template.php(455): __TwigTemplate_0fed6d0c0b27cd3356eb7b5c9b34bc4d22083967f81c8c3f399cbdb3ee29a8e6->doDisplay(Array, Array)
#4 /Users/annashelestiuk/Documents/bellcom-frontend/decreto-2.0/vendor/twig/twig/src/Template.php(422): Twig\Template->displayWithErrorHandling(Array, Array)
#5 /Users/annashelestiuk/Documents/bellcom-frontend/decreto-2.0/vendor/twig/twig/src/Template.php(434): Twig\Template->display(Array)
#6 /Users/annashelestiuk/Documents/bellcom-frontend/decreto-2.0/web/core/themes/engines/twig/twig.engine(64): Twig\Template->render(Array)
#7 /Users/annashelestiuk/Documents/bellcom-frontend/decreto-2.0/web/core/lib/Drupal/Core/Theme/ThemeManager.php(384): twig_render_template('themes/custom/c...', Array)
#8 /Users/annashelestiuk/Documents/bellcom-frontend/decreto-2.0/web/core/lib/Drupal/Core/Render/Renderer.php(431): Drupal\Core\Theme\ThemeManager->render('node', Array)
#9 /Users/annashelestiuk/Documents/bellcom-frontend/decreto-2.0/web/core/lib/Drupal/Core/Render/Renderer.php(200): Drupal\Core\Render\Renderer->doRender(Array, false)
#10 /Users/annashelestiuk/Documents/bellcom-frontend/decreto-2.0/web/core/lib/Drupal/Core/Render/MainContent/HtmlRenderer.php(226): Drupal\Core\Render\Renderer->render(Array, false)
#11 /Users/annashelestiuk/Documents/bellcom-frontend/decreto-2.0/web/core/lib/Drupal/Core/Render/Renderer.php(573): Drupal\Core\Render\MainContent\HtmlRenderer->Drupal\Core\Render\MainContent\{closure}()
#12 /Users/annashelestiuk/Documents/bellcom-frontend/decreto-2.0/web/core/lib/Drupal/Core/Render/MainContent/HtmlRenderer.php(227): Drupal\Core\Render\Renderer->executeInRenderContext(Object(Drupal\Core\Render\RenderContext), Object(Closure))
#13 /Users/annashelestiuk/Documents/bellcom-frontend/decreto-2.0/web/core/lib/Drupal/Core/Render/MainContent/HtmlRenderer.php(117): Drupal\Core\Render\MainContent\HtmlRenderer->prepare(Array, Object(Symfony\Component\HttpFoundation\Request), Object(Drupal\Core\Routing\CurrentRouteMatch))
#14 /Users/annashelestiuk/Documents/bellcom-frontend/decreto-2.0/web/core/lib/Drupal/Core/EventSubscriber/MainContentViewSubscriber.php(90): Drupal\Core\Render\MainContent\HtmlRenderer->renderResponse(Array, Object(Symfony\Component\HttpFoundation\Request), Object(Drupal\Core\Routing\CurrentRouteMatch))
#15 [internal function]: Drupal\Core\EventSubscriber\MainContentViewSubscriber->onViewRenderArray(Object(Symfony\Component\HttpKernel\Event\GetResponseForControllerResultEvent), 'kernel.view', Object(Drupal\Component\EventDispatcher\ContainerAwareEventDispatcher))
#16 /Users/annashelestiuk/Documents/bellcom-frontend/decreto-2.0/web/core/lib/Drupal/Component/EventDispatcher/ContainerAwareEventDispatcher.php(111): call_user_func(Array, Object(Symfony\Component\HttpKernel\Event\GetResponseForControllerResultEvent), 'kernel.view', Object(Drupal\Component\EventDispatcher\ContainerAwareEventDispatcher))
#17 /Users/annashelestiuk/Documents/bellcom-frontend/decreto-2.0/vendor/symfony/http-kernel/HttpKernel.php(156): Drupal\Component\EventDispatcher\ContainerAwareEventDispatcher->dispatch('kernel.view', Object(Symfony\Component\HttpKernel\Event\GetResponseForControllerResultEvent))
#18 /Users/annashelestiuk/Documents/bellcom-frontend/decreto-2.0/vendor/symfony/http-kernel/HttpKernel.php(68): Symfony\Component\HttpKernel\HttpKernel->handleRaw(Object(Symfony\Component\HttpFoundation\Request), 1)
#19 /Users/annashelestiuk/Documents/bellcom-frontend/decreto-2.0/web/core/lib/Drupal/Core/StackMiddleware/Session.php(57): Symfony\Component\HttpKernel\HttpKernel->handle(Object(Symfony\Component\HttpFoundation\Request), 1, true)
#20 /Users/annashelestiuk/Documents/bellcom-frontend/decreto-2.0/web/core/lib/Drupal/Core/StackMiddleware/KernelPreHandle.php(47): Drupal\Core\StackMiddleware\Session->handle(Object(Symfony\Component\HttpFoundation\Request), 1, true)
#21 /Users/annashelestiuk/Documents/bellcom-frontend/decreto-2.0/web/core/modules/page_cache/src/StackMiddleware/PageCache.php(106): Drupal\Core\StackMiddleware\KernelPreHandle->handle(Object(Symfony\Component\HttpFoundation\Request), 1, true)
#22 /Users/annashelestiuk/Documents/bellcom-frontend/decreto-2.0/web/core/modules/page_cache/src/StackMiddleware/PageCache.php(85): Drupal\page_cache\StackMiddleware\PageCache->pass(Object(Symfony\Component\HttpFoundation\Request), 1, true)
#23 /Users/annashelestiuk/Documents/bellcom-frontend/decreto-2.0/web/core/lib/Drupal/Core/StackMiddleware/ReverseProxyMiddleware.php(47): Drupal\page_cache\StackMiddleware\PageCache->handle(Object(Symfony\Component\HttpFoundation\Request), 1, true)
#24 /Users/annashelestiuk/Documents/bellcom-frontend/decreto-2.0/web/core/lib/Drupal/Core/StackMiddleware/NegotiationMiddleware.php(52): Drupal\Core\StackMiddleware\ReverseProxyMiddleware->handle(Object(Symfony\Component\HttpFoundation\Request), 1, true)
#25 /Users/annashelestiuk/Documents/bellcom-frontend/decreto-2.0/vendor/stack/builder/src/Stack/StackedHttpKernel.php(23): Drupal\Core\StackMiddleware\NegotiationMiddleware->handle(Object(Symfony\Component\HttpFoundation\Request), 1, true)
#26 /Users/annashelestiuk/Documents/bellcom-frontend/decreto-2.0/web/core/lib/Drupal/Core/DrupalKernel.php(694): Stack\StackedHttpKernel->handle(Object(Symfony\Component\HttpFoundation\Request), 1, true)
#27 /Users/annashelestiuk/Documents/bellcom-frontend/decreto-2.0/web/index.php(19): Drupal\Core\DrupalKernel->handle(Object(Symfony\Component\HttpFoundation\Request))
#28 {main}
[12-Mar-2020 13:02:04 Europe/Copenhagen] TypeError: DateTime::__construct() expects parameter 1 to be string, array given in /Users/annashelestiuk/Documents/bellcom-frontend/decreto-2.0/vendor/twig/twig/src/Extension/CoreExtension.php on line 497 #0 /Users/annashelestiuk/Documents/bellcom-frontend/decreto-2.0/vendor/twig/twig/src/Extension/CoreExtension.php(497): DateTime->__construct(Array, Object(DateTimeZone))
#1 /Users/annashelestiuk/Documents/bellcom-frontend/decreto-2.0/vendor/twig/twig/src/Extension/CoreExtension.php(428): twig_date_converter(Object(Drupal\Core\Template\TwigEnvironment), Array, Object(DateTimeZone))
#2 /Users/annashelestiuk/Documents/bellcom-frontend/decreto-2.0/vendor/twig/twig/src/Environment.php(497) : eval()'d code(93): twig_date_format_filter(Object(Drupal\Core\Template\TwigEnvironment), Array, 'M')
#3 /Users/annashelestiuk/Documents/bellcom-frontend/decreto-2.0/vendor/twig/twig/src/Template.php(455): __TwigTemplate_0fed6d0c0b27cd3356eb7b5c9b34bc4d22083967f81c8c3f399cbdb3ee29a8e6->doDisplay(Array, Array)
#4 /Users/annashelestiuk/Documents/bellcom-frontend/decreto-2.0/vendor/twig/twig/src/Template.php(422): Twig\Template->displayWithErrorHandling(Array, Array)
#5 /Users/annashelestiuk/Documents/bellcom-frontend/decreto-2.0/vendor/twig/twig/src/Template.php(434): Twig\Template->display(Array)
#6 /Users/annashelestiuk/Documents/bellcom-frontend/decreto-2.0/web/core/themes/engines/twig/twig.engine(64): Twig\Template->render(Array)
#7 /Users/annashelestiuk/Documents/bellcom-frontend/decreto-2.0/web/core/lib/Drupal/Core/Theme/ThemeManager.php(384): twig_render_template('themes/custom/c...', Array)
#8 /Users/annashelestiuk/Documents/bellcom-frontend/decreto-2.0/web/core/lib/Drupal/Core/Render/Renderer.php(431): Drupal\Core\Theme\ThemeManager->render('node', Array)
#9 /Users/annashelestiuk/Documents/bellcom-frontend/decreto-2.0/web/core/lib/Drupal/Core/Render/Renderer.php(200): Drupal\Core\Render\Renderer->doRender(Array, false)
#10 /Users/annashelestiuk/Documents/bellcom-frontend/decreto-2.0/web/core/lib/Drupal/Core/Render/MainContent/HtmlRenderer.php(226): Drupal\Core\Render\Renderer->render(Array, false)
#11 /Users/annashelestiuk/Documents/bellcom-frontend/decreto-2.0/web/core/lib/Drupal/Core/Render/Renderer.php(573): Drupal\Core\Render\MainContent\HtmlRenderer->Drupal\Core\Render\MainContent\{closure}()
#12 /Users/annashelestiuk/Documents/bellcom-frontend/decreto-2.0/web/core/lib/Drupal/Core/Render/MainContent/HtmlRenderer.php(227): Drupal\Core\Render\Renderer->executeInRenderContext(Object(Drupal\Core\Render\RenderContext), Object(Closure))
#13 /Users/annashelestiuk/Documents/bellcom-frontend/decreto-2.0/web/core/lib/Drupal/Core/Render/MainContent/HtmlRenderer.php(117): Drupal\Core\Render\MainContent\HtmlRenderer->prepare(Array, Object(Symfony\Component\HttpFoundation\Request), Object(Drupal\Core\Routing\CurrentRouteMatch))
#14 /Users/annashelestiuk/Documents/bellcom-frontend/decreto-2.0/web/core/lib/Drupal/Core/EventSubscriber/MainContentViewSubscriber.php(90): Drupal\Core\Render\MainContent\HtmlRenderer->renderResponse(Array, Object(Symfony\Component\HttpFoundation\Request), Object(Drupal\Core\Routing\CurrentRouteMatch))
#15 [internal function]: Drupal\Core\EventSubscriber\MainContentViewSubscriber->onViewRenderArray(Object(Symfony\Component\HttpKernel\Event\GetResponseForControllerResultEvent), 'kernel.view', Object(Drupal\Component\EventDispatcher\ContainerAwareEventDispatcher))
#16 /Users/annashelestiuk/Documents/bellcom-frontend/decreto-2.0/web/core/lib/Drupal/Component/EventDispatcher/ContainerAwareEventDispatcher.php(111): call_user_func(Array, Object(Symfony\Component\HttpKernel\Event\GetResponseForControllerResultEvent), 'kernel.view', Object(Drupal\Component\EventDispatcher\ContainerAwareEventDispatcher))
#17 /Users/annashelestiuk/Documents/bellcom-frontend/decreto-2.0/vendor/symfony/http-kernel/HttpKernel.php(156): Drupal\Component\EventDispatcher\ContainerAwareEventDispatcher->dispatch('kernel.view', Object(Symfony\Component\HttpKernel\Event\GetResponseForControllerResultEvent))
#18 /Users/annashelestiuk/Documents/bellcom-frontend/decreto-2.0/vendor/symfony/http-kernel/HttpKernel.php(68): Symfony\Component\HttpKernel\HttpKernel->handleRaw(Object(Symfony\Component\HttpFoundation\Request), 1)
#19 /Users/annashelestiuk/Documents/bellcom-frontend/decreto-2.0/web/core/lib/Drupal/Core/StackMiddleware/Session.php(57): Symfony\Component\HttpKernel\HttpKernel->handle(Object(Symfony\Component\HttpFoundation\Request), 1, true)
#20 /Users/annashelestiuk/Documents/bellcom-frontend/decreto-2.0/web/core/lib/Drupal/Core/StackMiddleware/KernelPreHandle.php(47): Drupal\Core\StackMiddleware\Session->handle(Object(Symfony\Component\HttpFoundation\Request), 1, true)
#21 /Users/annashelestiuk/Documents/bellcom-frontend/decreto-2.0/web/core/modules/page_cache/src/StackMiddleware/PageCache.php(106): Drupal\Core\StackMiddleware\KernelPreHandle->handle(Object(Symfony\Component\HttpFoundation\Request), 1, true)
#22 /Users/annashelestiuk/Documents/bellcom-frontend/decreto-2.0/web/core/modules/page_cache/src/StackMiddleware/PageCache.php(85): Drupal\page_cache\StackMiddleware\PageCache->pass(Object(Symfony\Component\HttpFoundation\Request), 1, true)
#23 /Users/annashelestiuk/Documents/bellcom-frontend/decreto-2.0/web/core/lib/Drupal/Core/StackMiddleware/ReverseProxyMiddleware.php(47): Drupal\page_cache\StackMiddleware\PageCache->handle(Object(Symfony\Component\HttpFoundation\Request), 1, true)
#24 /Users/annashelestiuk/Documents/bellcom-frontend/decreto-2.0/web/core/lib/Drupal/Core/StackMiddleware/NegotiationMiddleware.php(52): Drupal\Core\StackMiddleware\ReverseProxyMiddleware->handle(Object(Symfony\Component\HttpFoundation\Request), 1, true)
#25 /Users/annashelestiuk/Documents/bellcom-frontend/decreto-2.0/vendor/stack/builder/src/Stack/StackedHttpKernel.php(23): Drupal\Core\StackMiddleware\NegotiationMiddleware->handle(Object(Symfony\Component\HttpFoundation\Request), 1, true)
#26 /Users/annashelestiuk/Documents/bellcom-frontend/decreto-2.0/web/core/lib/Drupal/Core/DrupalKernel.php(694): Stack\StackedHttpKernel->handle(Object(Symfony\Component\HttpFoundation\Request), 1, true)
#27 /Users/annashelestiuk/Documents/bellcom-frontend/decreto-2.0/web/index.php(19): Drupal\Core\DrupalKernel->handle(Object(Symfony\Component\HttpFoundation\Request))
#28 {main}
[12-Mar-2020 13:02:05 Europe/Copenhagen] TypeError: DateTime::__construct() expects parameter 1 to be string, array given in /Users/annashelestiuk/Documents/bellcom-frontend/decreto-2.0/vendor/twig/twig/src/Extension/CoreExtension.php on line 497 #0 /Users/annashelestiuk/Documents/bellcom-frontend/decreto-2.0/vendor/twig/twig/src/Extension/CoreExtension.php(497): DateTime->__construct(Array, Object(DateTimeZone))
#1 /Users/annashelestiuk/Documents/bellcom-frontend/decreto-2.0/vendor/twig/twig/src/Extension/CoreExtension.php(428): twig_date_converter(Object(Drupal\Core\Template\TwigEnvironment), Array, Object(DateTimeZone))
#2 /Users/annashelestiuk/Documents/bellcom-frontend/decreto-2.0/vendor/twig/twig/src/Environment.php(497) : eval()'d code(93): twig_date_format_filter(Object(Drupal\Core\Template\TwigEnvironment), Array, 'M')
#3 /Users/annashelestiuk/Documents/bellcom-frontend/decreto-2.0/vendor/twig/twig/src/Template.php(455): __TwigTemplate_0fed6d0c0b27cd3356eb7b5c9b34bc4d22083967f81c8c3f399cbdb3ee29a8e6->doDisplay(Array, Array)
#4 /Users/annashelestiuk/Documents/bellcom-frontend/decreto-2.0/vendor/twig/twig/src/Template.php(422): Twig\Template->displayWithErrorHandling(Array, Array)
#5 /Users/annashelestiuk/Documents/bellcom-frontend/decreto-2.0/vendor/twig/twig/src/Template.php(434): Twig\Template->display(Array)
#6 /Users/annashelestiuk/Documents/bellcom-frontend/decreto-2.0/web/core/themes/engines/twig/twig.engine(64): Twig\Template->render(Array)
#7 /Users/annashelestiuk/Documents/bellcom-frontend/decreto-2.0/web/core/lib/Drupal/Core/Theme/ThemeManager.php(384): twig_render_template('themes/custom/c...', Array)
#8 /Users/annashelestiuk/Documents/bellcom-frontend/decreto-2.0/web/core/lib/Drupal/Core/Render/Renderer.php(431): Drupal\Core\Theme\ThemeManager->render('node', Array)
#9 /Users/annashelestiuk/Documents/bellcom-frontend/decreto-2.0/web/core/lib/Drupal/Core/Render/Renderer.php(200): Drupal\Core\Render\Renderer->doRender(Array, false)
#10 /Users/annashelestiuk/Documents/bellcom-frontend/decreto-2.0/web/core/lib/Drupal/Core/Render/MainContent/HtmlRenderer.php(226): Drupal\Core\Render\Renderer->render(Array, false)
#11 /Users/annashelestiuk/Documents/bellcom-frontend/decreto-2.0/web/core/lib/Drupal/Core/Render/Renderer.php(573): Drupal\Core\Render\MainContent\HtmlRenderer->Drupal\Core\Render\MainContent\{closure}()
#12 /Users/annashelestiuk/Documents/bellcom-frontend/decreto-2.0/web/core/lib/Drupal/Core/Render/MainContent/HtmlRenderer.php(227): Drupal\Core\Render\Renderer->executeInRenderContext(Object(Drupal\Core\Render\RenderContext), Object(Closure))
#13 /Users/annashelestiuk/Documents/bellcom-frontend/decreto-2.0/web/core/lib/Drupal/Core/Render/MainContent/HtmlRenderer.php(117): Drupal\Core\Render\MainContent\HtmlRenderer->prepare(Array, Object(Symfony\Component\HttpFoundation\Request), Object(Drupal\Core\Routing\CurrentRouteMatch))
#14 /Users/annashelestiuk/Documents/bellcom-frontend/decreto-2.0/web/core/lib/Drupal/Core/EventSubscriber/MainContentViewSubscriber.php(90): Drupal\Core\Render\MainContent\HtmlRenderer->renderResponse(Array, Object(Symfony\Component\HttpFoundation\Request), Object(Drupal\Core\Routing\CurrentRouteMatch))
#15 [internal function]: Drupal\Core\EventSubscriber\MainContentViewSubscriber->onViewRenderArray(Object(Symfony\Component\HttpKernel\Event\GetResponseForControllerResultEvent), 'kernel.view', Object(Drupal\Component\EventDispatcher\ContainerAwareEventDispatcher))
#16 /Users/annashelestiuk/Documents/bellcom-frontend/decreto-2.0/web/core/lib/Drupal/Component/EventDispatcher/ContainerAwareEventDispatcher.php(111): call_user_func(Array, Object(Symfony\Component\HttpKernel\Event\GetResponseForControllerResultEvent), 'kernel.view', Object(Drupal\Component\EventDispatcher\ContainerAwareEventDispatcher))
#17 /Users/annashelestiuk/Documents/bellcom-frontend/decreto-2.0/vendor/symfony/http-kernel/HttpKernel.php(156): Drupal\Component\EventDispatcher\ContainerAwareEventDispatcher->dispatch('kernel.view', Object(Symfony\Component\HttpKernel\Event\GetResponseForControllerResultEvent))
#18 /Users/annashelestiuk/Documents/bellcom-frontend/decreto-2.0/vendor/symfony/http-kernel/HttpKernel.php(68): Symfony\Component\HttpKernel\HttpKernel->handleRaw(Object(Symfony\Component\HttpFoundation\Request), 1)
#19 /Users/annashelestiuk/Documents/bellcom-frontend/decreto-2.0/web/core/lib/Drupal/Core/StackMiddleware/Session.php(57): Symfony\Component\HttpKernel\HttpKernel->handle(Object(Symfony\Component\HttpFoundation\Request), 1, true)
#20 /Users/annashelestiuk/Documents/bellcom-frontend/decreto-2.0/web/core/lib/Drupal/Core/StackMiddleware/KernelPreHandle.php(47): Drupal\Core\StackMiddleware\Session->handle(Object(Symfony\Component\HttpFoundation\Request), 1, true)
#21 /Users/annashelestiuk/Documents/bellcom-frontend/decreto-2.0/web/core/modules/page_cache/src/StackMiddleware/PageCache.php(106): Drupal\Core\StackMiddleware\KernelPreHandle->handle(Object(Symfony\Component\HttpFoundation\Request), 1, true)
#22 /Users/annashelestiuk/Documents/bellcom-frontend/decreto-2.0/web/core/modules/page_cache/src/StackMiddleware/PageCache.php(85): Drupal\page_cache\StackMiddleware\PageCache->pass(Object(Symfony\Component\HttpFoundation\Request), 1, true)
#23 /Users/annashelestiuk/Documents/bellcom-frontend/decreto-2.0/web/core/lib/Drupal/Core/StackMiddleware/ReverseProxyMiddleware.php(47): Drupal\page_cache\StackMiddleware\PageCache->handle(Object(Symfony\Component\HttpFoundation\Request), 1, true)
#24 /Users/annashelestiuk/Documents/bellcom-frontend/decreto-2.0/web/core/lib/Drupal/Core/StackMiddleware/NegotiationMiddleware.php(52): Drupal\Core\StackMiddleware\ReverseProxyMiddleware->handle(Object(Symfony\Component\HttpFoundation\Request), 1, true)
#25 /Users/annashelestiuk/Documents/bellcom-frontend/decreto-2.0/vendor/stack/builder/src/Stack/StackedHttpKernel.php(23): Drupal\Core\StackMiddleware\NegotiationMiddleware->handle(Object(Symfony\Component\HttpFoundation\Request), 1, true)
#26 /Users/annashelestiuk/Documents/bellcom-frontend/decreto-2.0/web/core/lib/Drupal/Core/DrupalKernel.php(694): Stack\StackedHttpKernel->handle(Object(Symfony\Component\HttpFoundation\Request), 1, true)
#27 /Users/annashelestiuk/Documents/bellcom-frontend/decreto-2.0/web/index.php(19): Drupal\Core\DrupalKernel->handle(Object(Symfony\Component\HttpFoundation\Request))
#28 {main}
[12-Mar-2020 13:02:07 Europe/Copenhagen] TypeError: DateTime::__construct() expects parameter 1 to be string, array given in /Users/annashelestiuk/Documents/bellcom-frontend/decreto-2.0/vendor/twig/twig/src/Extension/CoreExtension.php on line 497 #0 /Users/annashelestiuk/Documents/bellcom-frontend/decreto-2.0/vendor/twig/twig/src/Extension/CoreExtension.php(497): DateTime->__construct(Array, Object(DateTimeZone))
#1 /Users/annashelestiuk/Documents/bellcom-frontend/decreto-2.0/vendor/twig/twig/src/Extension/CoreExtension.php(428): twig_date_converter(Object(Drupal\Core\Template\TwigEnvironment), Array, Object(DateTimeZone))
#2 /Users/annashelestiuk/Documents/bellcom-frontend/decreto-2.0/vendor/twig/twig/src/Environment.php(497) : eval()'d code(93): twig_date_format_filter(Object(Drupal\Core\Template\TwigEnvironment), Array, 'M')
#3 /Users/annashelestiuk/Documents/bellcom-frontend/decreto-2.0/vendor/twig/twig/src/Template.php(455): __TwigTemplate_0fed6d0c0b27cd3356eb7b5c9b34bc4d22083967f81c8c3f399cbdb3ee29a8e6->doDisplay(Array, Array)
#4 /Users/annashelestiuk/Documents/bellcom-frontend/decreto-2.0/vendor/twig/twig/src/Template.php(422): Twig\Template->displayWithErrorHandling(Array, Array)
#5 /Users/annashelestiuk/Documents/bellcom-frontend/decreto-2.0/vendor/twig/twig/src/Template.php(434): Twig\Template->display(Array)
#6 /Users/annashelestiuk/Documents/bellcom-frontend/decreto-2.0/web/core/themes/engines/twig/twig.engine(64): Twig\Template->render(Array)
#7 /Users/annashelestiuk/Documents/bellcom-frontend/decreto-2.0/web/core/lib/Drupal/Core/Theme/ThemeManager.php(384): twig_render_template('themes/custom/c...', Array)
#8 /Users/annashelestiuk/Documents/bellcom-frontend/decreto-2.0/web/core/lib/Drupal/Core/Render/Renderer.php(431): Drupal\Core\Theme\ThemeManager->render('node', Array)
#9 /Users/annashelestiuk/Documents/bellcom-frontend/decreto-2.0/web/core/lib/Drupal/Core/Render/Renderer.php(200): Drupal\Core\Render\Renderer->doRender(Array, false)
#10 /Users/annashelestiuk/Documents/bellcom-frontend/decreto-2.0/web/core/lib/Drupal/Core/Render/MainContent/HtmlRenderer.php(226): Drupal\Core\Render\Renderer->render(Array, false)
#11 /Users/annashelestiuk/Documents/bellcom-frontend/decreto-2.0/web/core/lib/Drupal/Core/Render/Renderer.php(573): Drupal\Core\Render\MainContent\HtmlRenderer->Drupal\Core\Render\MainContent\{closure}()
#12 /Users/annashelestiuk/Documents/bellcom-frontend/decreto-2.0/web/core/lib/Drupal/Core/Render/MainContent/HtmlRenderer.php(227): Drupal\Core\Render\Renderer->executeInRenderContext(Object(Drupal\Core\Render\RenderContext), Object(Closure))
#13 /Users/annashelestiuk/Documents/bellcom-frontend/decreto-2.0/web/core/lib/Drupal/Core/Render/MainContent/HtmlRenderer.php(117): Drupal\Core\Render\MainContent\HtmlRenderer->prepare(Array, Object(Symfony\Component\HttpFoundation\Request), Object(Drupal\Core\Routing\CurrentRouteMatch))
#14 /Users/annashelestiuk/Documents/bellcom-frontend/decreto-2.0/web/core/lib/Drupal/Core/EventSubscriber/MainContentViewSubscriber.php(90): Drupal\Core\Render\MainContent\HtmlRenderer->renderResponse(Array, Object(Symfony\Component\HttpFoundation\Request), Object(Drupal\Core\Routing\CurrentRouteMatch))
#15 [internal function]: Drupal\Core\EventSubscriber\MainContentViewSubscriber->onViewRenderArray(Object(Symfony\Component\HttpKernel\Event\GetResponseForControllerResultEvent), 'kernel.view', Object(Drupal\Component\EventDispatcher\ContainerAwareEventDispatcher))
#16 /Users/annashelestiuk/Documents/bellcom-frontend/decreto-2.0/web/core/lib/Drupal/Component/EventDispatcher/ContainerAwareEventDispatcher.php(111): call_user_func(Array, Object(Symfony\Component\HttpKernel\Event\GetResponseForControllerResultEvent), 'kernel.view', Object(Drupal\Component\EventDispatcher\ContainerAwareEventDispatcher))
#17 /Users/annashelestiuk/Documents/bellcom-frontend/decreto-2.0/vendor/symfony/http-kernel/HttpKernel.php(156): Drupal\Component\EventDispatcher\ContainerAwareEventDispatcher->dispatch('kernel.view', Object(Symfony\Component\HttpKernel\Event\GetResponseForControllerResultEvent))
#18 /Users/annashelestiuk/Documents/bellcom-frontend/decreto-2.0/vendor/symfony/http-kernel/HttpKernel.php(68): Symfony\Component\HttpKernel\HttpKernel->handleRaw(Object(Symfony\Component\HttpFoundation\Request), 1)
#19 /Users/annashelestiuk/Documents/bellcom-frontend/decreto-2.0/web/core/lib/Drupal/Core/StackMiddleware/Session.php(57): Symfony\Component\HttpKernel\HttpKernel->handle(Object(Symfony\Component\HttpFoundation\Request), 1, true)
#20 /Users/annashelestiuk/Documents/bellcom-frontend/decreto-2.0/web/core/lib/Drupal/Core/StackMiddleware/KernelPreHandle.php(47): Drupal\Core\StackMiddleware\Session->handle(Object(Symfony\Component\HttpFoundation\Request), 1, true)
#21 /Users/annashelestiuk/Documents/bellcom-frontend/decreto-2.0/web/core/modules/page_cache/src/StackMiddleware/PageCache.php(106): Drupal\Core\StackMiddleware\KernelPreHandle->handle(Object(Symfony\Component\HttpFoundation\Request), 1, true)
#22 /Users/annashelestiuk/Documents/bellcom-frontend/decreto-2.0/web/core/modules/page_cache/src/StackMiddleware/PageCache.php(85): Drupal\page_cache\StackMiddleware\PageCache->pass(Object(Symfony\Component\HttpFoundation\Request), 1, true)
#23 /Users/annashelestiuk/Documents/bellcom-frontend/decreto-2.0/web/core/lib/Drupal/Core/StackMiddleware/ReverseProxyMiddleware.php(47): Drupal\page_cache\StackMiddleware\PageCache->handle(Object(Symfony\Component\HttpFoundation\Request), 1, true)
#24 /Users/annashelestiuk/Documents/bellcom-frontend/decreto-2.0/web/core/lib/Drupal/Core/StackMiddleware/NegotiationMiddleware.php(52): Drupal\Core\StackMiddleware\ReverseProxyMiddleware->handle(Object(Symfony\Component\HttpFoundation\Request), 1, true)
#25 /Users/annashelestiuk/Documents/bellcom-frontend/decreto-2.0/vendor/stack/builder/src/Stack/StackedHttpKernel.php(23): Drupal\Core\StackMiddleware\NegotiationMiddleware->handle(Object(Symfony\Component\HttpFoundation\Request), 1, true)
#26 /Users/annashelestiuk/Documents/bellcom-frontend/decreto-2.0/web/core/lib/Drupal/Core/DrupalKernel.php(694): Stack\StackedHttpKernel->handle(Object(Symfony\Component\HttpFoundation\Request), 1, true)
#27 /Users/annashelestiuk/Documents/bellcom-frontend/decreto-2.0/web/index.php(19): Drupal\Core\DrupalKernel->handle(Object(Symfony\Component\HttpFoundation\Request))
#28 {main}
[12-Mar-2020 13:02:37 Europe/Copenhagen] TypeError: DateTime::__construct() expects parameter 1 to be string, array given in /Users/annashelestiuk/Documents/bellcom-frontend/decreto-2.0/vendor/twig/twig/src/Extension/CoreExtension.php on line 497 #0 /Users/annashelestiuk/Documents/bellcom-frontend/decreto-2.0/vendor/twig/twig/src/Extension/CoreExtension.php(497): DateTime->__construct(Array, Object(DateTimeZone))
#1 /Users/annashelestiuk/Documents/bellcom-frontend/decreto-2.0/vendor/twig/twig/src/Extension/CoreExtension.php(428): twig_date_converter(Object(Drupal\Core\Template\TwigEnvironment), Array, Object(DateTimeZone))
#2 /Users/annashelestiuk/Documents/bellcom-frontend/decreto-2.0/vendor/twig/twig/src/Environment.php(497) : eval()'d code(93): twig_date_format_filter(Object(Drupal\Core\Template\TwigEnvironment), Array, 'M')
#3 /Users/annashelestiuk/Documents/bellcom-frontend/decreto-2.0/vendor/twig/twig/src/Template.php(455): __TwigTemplate_0fed6d0c0b27cd3356eb7b5c9b34bc4d22083967f81c8c3f399cbdb3ee29a8e6->doDisplay(Array, Array)
#4 /Users/annashelestiuk/Documents/bellcom-frontend/decreto-2.0/vendor/twig/twig/src/Template.php(422): Twig\Template->displayWithErrorHandling(Array, Array)
#5 /Users/annashelestiuk/Documents/bellcom-frontend/decreto-2.0/vendor/twig/twig/src/Template.php(434): Twig\Template->display(Array)
#6 /Users/annashelestiuk/Documents/bellcom-frontend/decreto-2.0/web/core/themes/engines/twig/twig.engine(64): Twig\Template->render(Array)
#7 /Users/annashelestiuk/Documents/bellcom-frontend/decreto-2.0/web/core/lib/Drupal/Core/Theme/ThemeManager.php(384): twig_render_template('themes/custom/c...', Array)
#8 /Users/annashelestiuk/Documents/bellcom-frontend/decreto-2.0/web/core/lib/Drupal/Core/Render/Renderer.php(431): Drupal\Core\Theme\ThemeManager->render('node', Array)
#9 /Users/annashelestiuk/Documents/bellcom-frontend/decreto-2.0/web/core/lib/Drupal/Core/Render/Renderer.php(200): Drupal\Core\Render\Renderer->doRender(Array, false)
#10 /Users/annashelestiuk/Documents/bellcom-frontend/decreto-2.0/web/core/lib/Drupal/Core/Render/MainContent/HtmlRenderer.php(226): Drupal\Core\Render\Renderer->render(Array, false)
#11 /Users/annashelestiuk/Documents/bellcom-frontend/decreto-2.0/web/core/lib/Drupal/Core/Render/Renderer.php(573): Drupal\Core\Render\MainContent\HtmlRenderer->Drupal\Core\Render\MainContent\{closure}()
#12 /Users/annashelestiuk/Documents/bellcom-frontend/decreto-2.0/web/core/lib/Drupal/Core/Render/MainContent/HtmlRenderer.php(227): Drupal\Core\Render\Renderer->executeInRenderContext(Object(Drupal\Core\Render\RenderContext), Object(Closure))
#13 /Users/annashelestiuk/Documents/bellcom-frontend/decreto-2.0/web/core/lib/Drupal/Core/Render/MainContent/HtmlRenderer.php(117): Drupal\Core\Render\MainContent\HtmlRenderer->prepare(Array, Object(Symfony\Component\HttpFoundation\Request), Object(Drupal\Core\Routing\CurrentRouteMatch))
#14 /Users/annashelestiuk/Documents/bellcom-frontend/decreto-2.0/web/core/lib/Drupal/Core/EventSubscriber/MainContentViewSubscriber.php(90): Drupal\Core\Render\MainContent\HtmlRenderer->renderResponse(Array, Object(Symfony\Component\HttpFoundation\Request), Object(Drupal\Core\Routing\CurrentRouteMatch))
#15 [internal function]: Drupal\Core\EventSubscriber\MainContentViewSubscriber->onViewRenderArray(Object(Symfony\Component\HttpKernel\Event\GetResponseForControllerResultEvent), 'kernel.view', Object(Drupal\Component\EventDispatcher\ContainerAwareEventDispatcher))
#16 /Users/annashelestiuk/Documents/bellcom-frontend/decreto-2.0/web/core/lib/Drupal/Component/EventDispatcher/ContainerAwareEventDispatcher.php(111): call_user_func(Array, Object(Symfony\Component\HttpKernel\Event\GetResponseForControllerResultEvent), 'kernel.view', Object(Drupal\Component\EventDispatcher\ContainerAwareEventDispatcher))
#17 /Users/annashelestiuk/Documents/bellcom-frontend/decreto-2.0/vendor/symfony/http-kernel/HttpKernel.php(156): Drupal\Component\EventDispatcher\ContainerAwareEventDispatcher->dispatch('kernel.view', Object(Symfony\Component\HttpKernel\Event\GetResponseForControllerResultEvent))
#18 /Users/annashelestiuk/Documents/bellcom-frontend/decreto-2.0/vendor/symfony/http-kernel/HttpKernel.php(68): Symfony\Component\HttpKernel\HttpKernel->handleRaw(Object(Symfony\Component\HttpFoundation\Request), 1)
#19 /Users/annashelestiuk/Documents/bellcom-frontend/decreto-2.0/web/core/lib/Drupal/Core/StackMiddleware/Session.php(57): Symfony\Component\HttpKernel\HttpKernel->handle(Object(Symfony\Component\HttpFoundation\Request), 1, true)
#20 /Users/annashelestiuk/Documents/bellcom-frontend/decreto-2.0/web/core/lib/Drupal/Core/StackMiddleware/KernelPreHandle.php(47): Drupal\Core\StackMiddleware\Session->handle(Object(Symfony\Component\HttpFoundation\Request), 1, true)
#21 /Users/annashelestiuk/Documents/bellcom-frontend/decreto-2.0/web/core/modules/page_cache/src/StackMiddleware/PageCache.php(106): Drupal\Core\StackMiddleware\KernelPreHandle->handle(Object(Symfony\Component\HttpFoundation\Request), 1, true)
#22 /Users/annashelestiuk/Documents/bellcom-frontend/decreto-2.0/web/core/modules/page_cache/src/StackMiddleware/PageCache.php(85): Drupal\page_cache\StackMiddleware\PageCache->pass(Object(Symfony\Component\HttpFoundation\Request), 1, true)
#23 /Users/annashelestiuk/Documents/bellcom-frontend/decreto-2.0/web/core/lib/Drupal/Core/StackMiddleware/ReverseProxyMiddleware.php(47): Drupal\page_cache\StackMiddleware\PageCache->handle(Object(Symfony\Component\HttpFoundation\Request), 1, true)
#24 /Users/annashelestiuk/Documents/bellcom-frontend/decreto-2.0/web/core/lib/Drupal/Core/StackMiddleware/NegotiationMiddleware.php(52): Drupal\Core\StackMiddleware\ReverseProxyMiddleware->handle(Object(Symfony\Component\HttpFoundation\Request), 1, true)
#25 /Users/annashelestiuk/Documents/bellcom-frontend/decreto-2.0/vendor/stack/builder/src/Stack/StackedHttpKernel.php(23): Drupal\Core\StackMiddleware\NegotiationMiddleware->handle(Object(Symfony\Component\HttpFoundation\Request), 1, true)
#26 /Users/annashelestiuk/Documents/bellcom-frontend/decreto-2.0/web/core/lib/Drupal/Core/DrupalKernel.php(694): Stack\StackedHttpKernel->handle(Object(Symfony\Component\HttpFoundation\Request), 1, true)
#27 /Users/annashelestiuk/Documents/bellcom-frontend/decreto-2.0/web/index.php(19): Drupal\Core\DrupalKernel->handle(Object(Symfony\Component\HttpFoundation\Request))
#28 {main}
[12-Mar-2020 13:09:16 Europe/Copenhagen] TypeError: DateTime::__construct() expects parameter 1 to be string, array given in /Users/annashelestiuk/Documents/bellcom-frontend/decreto-2.0/vendor/twig/twig/src/Extension/CoreExtension.php on line 497 #0 /Users/annashelestiuk/Documents/bellcom-frontend/decreto-2.0/vendor/twig/twig/src/Extension/CoreExtension.php(497): DateTime->__construct(Array, Object(DateTimeZone))
#1 /Users/annashelestiuk/Documents/bellcom-frontend/decreto-2.0/vendor/twig/twig/src/Extension/CoreExtension.php(428): twig_date_converter(Object(Drupal\Core\Template\TwigEnvironment), Array, Object(DateTimeZone))
#2 /Users/annashelestiuk/Documents/bellcom-frontend/decreto-2.0/vendor/twig/twig/src/Environment.php(497) : eval()'d code(75): twig_date_format_filter(Object(Drupal\Core\Template\TwigEnvironment), Array, 'M')
#3 /Users/annashelestiuk/Documents/bellcom-frontend/decreto-2.0/vendor/twig/twig/src/Template.php(455): __TwigTemplate_0fed6d0c0b27cd3356eb7b5c9b34bc4d22083967f81c8c3f399cbdb3ee29a8e6->doDisplay(Array, Array)
#4 /Users/annashelestiuk/Documents/bellcom-frontend/decreto-2.0/vendor/twig/twig/src/Template.php(422): Twig\Template->displayWithErrorHandling(Array, Array)
#5 /Users/annashelestiuk/Documents/bellcom-frontend/decreto-2.0/vendor/twig/twig/src/Template.php(434): Twig\Template->display(Array)
#6 /Users/annashelestiuk/Documents/bellcom-frontend/decreto-2.0/web/core/themes/engines/twig/twig.engine(64): Twig\Template->render(Array)
#7 /Users/annashelestiuk/Documents/bellcom-frontend/decreto-2.0/web/core/lib/Drupal/Core/Theme/ThemeManager.php(384): twig_render_template('themes/custom/c...', Array)
#8 /Users/annashelestiuk/Documents/bellcom-frontend/decreto-2.0/web/core/lib/Drupal/Core/Render/Renderer.php(431): Drupal\Core\Theme\ThemeManager->render('node', Array)
#9 /Users/annashelestiuk/Documents/bellcom-frontend/decreto-2.0/web/core/lib/Drupal/Core/Render/Renderer.php(200): Drupal\Core\Render\Renderer->doRender(Array, false)
#10 /Users/annashelestiuk/Documents/bellcom-frontend/decreto-2.0/web/core/lib/Drupal/Core/Render/MainContent/HtmlRenderer.php(226): Drupal\Core\Render\Renderer->render(Array, false)
#11 /Users/annashelestiuk/Documents/bellcom-frontend/decreto-2.0/web/core/lib/Drupal/Core/Render/Renderer.php(573): Drupal\Core\Render\MainContent\HtmlRenderer->Drupal\Core\Render\MainContent\{closure}()
#12 /Users/annashelestiuk/Documents/bellcom-frontend/decreto-2.0/web/core/lib/Drupal/Core/Render/MainContent/HtmlRenderer.php(227): Drupal\Core\Render\Renderer->executeInRenderContext(Object(Drupal\Core\Render\RenderContext), Object(Closure))
#13 /Users/annashelestiuk/Documents/bellcom-frontend/decreto-2.0/web/core/lib/Drupal/Core/Render/MainContent/HtmlRenderer.php(117): Drupal\Core\Render\MainContent\HtmlRenderer->prepare(Array, Object(Symfony\Component\HttpFoundation\Request), Object(Drupal\Core\Routing\CurrentRouteMatch))
#14 /Users/annashelestiuk/Documents/bellcom-frontend/decreto-2.0/web/core/lib/Drupal/Core/EventSubscriber/MainContentViewSubscriber.php(90): Drupal\Core\Render\MainContent\HtmlRenderer->renderResponse(Array, Object(Symfony\Component\HttpFoundation\Request), Object(Drupal\Core\Routing\CurrentRouteMatch))
#15 [internal function]: Drupal\Core\EventSubscriber\MainContentViewSubscriber->onViewRenderArray(Object(Symfony\Component\HttpKernel\Event\GetResponseForControllerResultEvent), 'kernel.view', Object(Drupal\Component\EventDispatcher\ContainerAwareEventDispatcher))
#16 /Users/annashelestiuk/Documents/bellcom-frontend/decreto-2.0/web/core/lib/Drupal/Component/EventDispatcher/ContainerAwareEventDispatcher.php(111): call_user_func(Array, Object(Symfony\Component\HttpKernel\Event\GetResponseForControllerResultEvent), 'kernel.view', Object(Drupal\Component\EventDispatcher\ContainerAwareEventDispatcher))
#17 /Users/annashelestiuk/Documents/bellcom-frontend/decreto-2.0/vendor/symfony/http-kernel/HttpKernel.php(156): Drupal\Component\EventDispatcher\ContainerAwareEventDispatcher->dispatch('kernel.view', Object(Symfony\Component\HttpKernel\Event\GetResponseForControllerResultEvent))
#18 /Users/annashelestiuk/Documents/bellcom-frontend/decreto-2.0/vendor/symfony/http-kernel/HttpKernel.php(68): Symfony\Component\HttpKernel\HttpKernel->handleRaw(Object(Symfony\Component\HttpFoundation\Request), 1)
#19 /Users/annashelestiuk/Documents/bellcom-frontend/decreto-2.0/web/core/lib/Drupal/Core/StackMiddleware/Session.php(57): Symfony\Component\HttpKernel\HttpKernel->handle(Object(Symfony\Component\HttpFoundation\Request), 1, true)
#20 /Users/annashelestiuk/Documents/bellcom-frontend/decreto-2.0/web/core/lib/Drupal/Core/StackMiddleware/KernelPreHandle.php(47): Drupal\Core\StackMiddleware\Session->handle(Object(Symfony\Component\HttpFoundation\Request), 1, true)
#21 /Users/annashelestiuk/Documents/bellcom-frontend/decreto-2.0/web/core/modules/page_cache/src/StackMiddleware/PageCache.php(106): Drupal\Core\StackMiddleware\KernelPreHandle->handle(Object(Symfony\Component\HttpFoundation\Request), 1, true)
#22 /Users/annashelestiuk/Documents/bellcom-frontend/decreto-2.0/web/core/modules/page_cache/src/StackMiddleware/PageCache.php(85): Drupal\page_cache\StackMiddleware\PageCache->pass(Object(Symfony\Component\HttpFoundation\Request), 1, true)
#23 /Users/annashelestiuk/Documents/bellcom-frontend/decreto-2.0/web/core/lib/Drupal/Core/StackMiddleware/ReverseProxyMiddleware.php(47): Drupal\page_cache\StackMiddleware\PageCache->handle(Object(Symfony\Component\HttpFoundation\Request), 1, true)
#24 /Users/annashelestiuk/Documents/bellcom-frontend/decreto-2.0/web/core/lib/Drupal/Core/StackMiddleware/NegotiationMiddleware.php(52): Drupal\Core\StackMiddleware\ReverseProxyMiddleware->handle(Object(Symfony\Component\HttpFoundation\Request), 1, true)
#25 /Users/annashelestiuk/Documents/bellcom-frontend/decreto-2.0/vendor/stack/builder/src/Stack/StackedHttpKernel.php(23): Drupal\Core\StackMiddleware\NegotiationMiddleware->handle(Object(Symfony\Component\HttpFoundation\Request), 1, true)
#26 /Users/annashelestiuk/Documents/bellcom-frontend/decreto-2.0/web/core/lib/Drupal/Core/DrupalKernel.php(694): Stack\StackedHttpKernel->handle(Object(Symfony\Component\HttpFoundation\Request), 1, true)
#27 /Users/annashelestiuk/Documents/bellcom-frontend/decreto-2.0/web/index.php(19): Drupal\Core\DrupalKernel->handle(Object(Symfony\Component\HttpFoundation\Request))
#28 {main}
[12-Mar-2020 13:40:01 Europe/Copenhagen] TypeError: DateTime::__construct() expects parameter 1 to be string, array given in /Users/annashelestiuk/Documents/bellcom-frontend/decreto-2.0/vendor/twig/twig/src/Extension/CoreExtension.php on line 497 #0 /Users/annashelestiuk/Documents/bellcom-frontend/decreto-2.0/vendor/twig/twig/src/Extension/CoreExtension.php(497): DateTime->__construct(Array, Object(DateTimeZone))
#1 /Users/annashelestiuk/Documents/bellcom-frontend/decreto-2.0/vendor/twig/twig/src/Extension/CoreExtension.php(428): twig_date_converter(Object(Drupal\Core\Template\TwigEnvironment), Array, Object(DateTimeZone))
#2 /Users/annashelestiuk/Documents/bellcom-frontend/decreto-2.0/vendor/twig/twig/src/Environment.php(497) : eval()'d code(81): twig_date_format_filter(Object(Drupal\Core\Template\TwigEnvironment), Array, 'j')
#3 /Users/annashelestiuk/Documents/bellcom-frontend/decreto-2.0/vendor/twig/twig/src/Template.php(455): __TwigTemplate_0fed6d0c0b27cd3356eb7b5c9b34bc4d22083967f81c8c3f399cbdb3ee29a8e6->doDisplay(Array, Array)
#4 /Users/annashelestiuk/Documents/bellcom-frontend/decreto-2.0/vendor/twig/twig/src/Template.php(422): Twig\Template->displayWithErrorHandling(Array, Array)
#5 /Users/annashelestiuk/Documents/bellcom-frontend/decreto-2.0/vendor/twig/twig/src/Template.php(434): Twig\Template->display(Array)
#6 /Users/annashelestiuk/Documents/bellcom-frontend/decreto-2.0/web/core/themes/engines/twig/twig.engine(64): Twig\Template->render(Array)
#7 /Users/annashelestiuk/Documents/bellcom-frontend/decreto-2.0/web/core/lib/Drupal/Core/Theme/ThemeManager.php(384): twig_render_template('themes/custom/c...', Array)
#8 /Users/annashelestiuk/Documents/bellcom-frontend/decreto-2.0/web/core/lib/Drupal/Core/Render/Renderer.php(431): Drupal\Core\Theme\ThemeManager->render('node', Array)
#9 /Users/annashelestiuk/Documents/bellcom-frontend/decreto-2.0/web/core/lib/Drupal/Core/Render/Renderer.php(200): Drupal\Core\Render\Renderer->doRender(Array, false)
#10 /Users/annashelestiuk/Documents/bellcom-frontend/decreto-2.0/web/core/lib/Drupal/Core/Render/MainContent/HtmlRenderer.php(226): Drupal\Core\Render\Renderer->render(Array, false)
#11 /Users/annashelestiuk/Documents/bellcom-frontend/decreto-2.0/web/core/lib/Drupal/Core/Render/Renderer.php(573): Drupal\Core\Render\MainContent\HtmlRenderer->Drupal\Core\Render\MainContent\{closure}()
#12 /Users/annashelestiuk/Documents/bellcom-frontend/decreto-2.0/web/core/lib/Drupal/Core/Render/MainContent/HtmlRenderer.php(227): Drupal\Core\Render\Renderer->executeInRenderContext(Object(Drupal\Core\Render\RenderContext), Object(Closure))
#13 /Users/annashelestiuk/Documents/bellcom-frontend/decreto-2.0/web/core/lib/Drupal/Core/Render/MainContent/HtmlRenderer.php(117): Drupal\Core\Render\MainContent\HtmlRenderer->prepare(Array, Object(Symfony\Component\HttpFoundation\Request), Object(Drupal\Core\Routing\CurrentRouteMatch))
#14 /Users/annashelestiuk/Documents/bellcom-frontend/decreto-2.0/web/core/lib/Drupal/Core/EventSubscriber/MainContentViewSubscriber.php(90): Drupal\Core\Render\MainContent\HtmlRenderer->renderResponse(Array, Object(Symfony\Component\HttpFoundation\Request), Object(Drupal\Core\Routing\CurrentRouteMatch))
#15 [internal function]: Drupal\Core\EventSubscriber\MainContentViewSubscriber->onViewRenderArray(Object(Symfony\Component\HttpKernel\Event\GetResponseForControllerResultEvent), 'kernel.view', Object(Drupal\Component\EventDispatcher\ContainerAwareEventDispatcher))
#16 /Users/annashelestiuk/Documents/bellcom-frontend/decreto-2.0/web/core/lib/Drupal/Component/EventDispatcher/ContainerAwareEventDispatcher.php(111): call_user_func(Array, Object(Symfony\Component\HttpKernel\Event\GetResponseForControllerResultEvent), 'kernel.view', Object(Drupal\Component\EventDispatcher\ContainerAwareEventDispatcher))
#17 /Users/annashelestiuk/Documents/bellcom-frontend/decreto-2.0/vendor/symfony/http-kernel/HttpKernel.php(156): Drupal\Component\EventDispatcher\ContainerAwareEventDispatcher->dispatch('kernel.view', Object(Symfony\Component\HttpKernel\Event\GetResponseForControllerResultEvent))
#18 /Users/annashelestiuk/Documents/bellcom-frontend/decreto-2.0/vendor/symfony/http-kernel/HttpKernel.php(68): Symfony\Component\HttpKernel\HttpKernel->handleRaw(Object(Symfony\Component\HttpFoundation\Request), 1)
#19 /Users/annashelestiuk/Documents/bellcom-frontend/decreto-2.0/web/core/lib/Drupal/Core/StackMiddleware/Session.php(57): Symfony\Component\HttpKernel\HttpKernel->handle(Object(Symfony\Component\HttpFoundation\Request), 1, true)
#20 /Users/annashelestiuk/Documents/bellcom-frontend/decreto-2.0/web/core/lib/Drupal/Core/StackMiddleware/KernelPreHandle.php(47): Drupal\Core\StackMiddleware\Session->handle(Object(Symfony\Component\HttpFoundation\Request), 1, true)
#21 /Users/annashelestiuk/Documents/bellcom-frontend/decreto-2.0/web/core/modules/page_cache/src/StackMiddleware/PageCache.php(106): Drupal\Core\StackMiddleware\KernelPreHandle->handle(Object(Symfony\Component\HttpFoundation\Request), 1, true)
#22 /Users/annashelestiuk/Documents/bellcom-frontend/decreto-2.0/web/core/modules/page_cache/src/StackMiddleware/PageCache.php(85): Drupal\page_cache\StackMiddleware\PageCache->pass(Object(Symfony\Component\HttpFoundation\Request), 1, true)
#23 /Users/annashelestiuk/Documents/bellcom-frontend/decreto-2.0/web/core/lib/Drupal/Core/StackMiddleware/ReverseProxyMiddleware.php(47): Drupal\page_cache\StackMiddleware\PageCache->handle(Object(Symfony\Component\HttpFoundation\Request), 1, true)
#24 /Users/annashelestiuk/Documents/bellcom-frontend/decreto-2.0/web/core/lib/Drupal/Core/StackMiddleware/NegotiationMiddleware.php(52): Drupal\Core\StackMiddleware\ReverseProxyMiddleware->handle(Object(Symfony\Component\HttpFoundation\Request), 1, true)
#25 /Users/annashelestiuk/Documents/bellcom-frontend/decreto-2.0/vendor/stack/builder/src/Stack/StackedHttpKernel.php(23): Drupal\Core\StackMiddleware\NegotiationMiddleware->handle(Object(Symfony\Component\HttpFoundation\Request), 1, true)
#26 /Users/annashelestiuk/Documents/bellcom-frontend/decreto-2.0/web/core/lib/Drupal/Core/DrupalKernel.php(694): Stack\StackedHttpKernel->handle(Object(Symfony\Component\HttpFoundation\Request), 1, true)
#27 /Users/annashelestiuk/Documents/bellcom-frontend/decreto-2.0/web/index.php(19): Drupal\Core\DrupalKernel->handle(Object(Symfony\Component\HttpFoundation\Request))
#28 {main}
[12-Mar-2020 14:15:05 Europe/Copenhagen] Uncaught PHP Exception InvalidArgumentException: "The timestamp must be numeric." at /Users/annashelestiuk/Documents/bellcom-frontend/decreto-2.0/web/core/lib/Drupal/Component/Datetime/DateTimePlus.php line 198
[12-Mar-2020 14:15:44 Europe/Copenhagen] Uncaught PHP Exception InvalidArgumentException: "The timestamp must be numeric." at /Users/annashelestiuk/Documents/bellcom-frontend/decreto-2.0/web/core/lib/Drupal/Component/Datetime/DateTimePlus.php line 198
[12-Mar-2020 14:16:02 Europe/Copenhagen] Uncaught PHP Exception InvalidArgumentException: "The timestamp must be numeric." at /Users/annashelestiuk/Documents/bellcom-frontend/decreto-2.0/web/core/lib/Drupal/Component/Datetime/DateTimePlus.php line 198
[12-Mar-2020 14:20:46 Europe/Copenhagen] Uncaught PHP Exception InvalidArgumentException: "The timestamp must be numeric." at /Users/annashelestiuk/Documents/bellcom-frontend/decreto-2.0/web/core/lib/Drupal/Component/Datetime/DateTimePlus.php line 198
[12-Mar-2020 17:54:51 Europe/Copenhagen] PHP Warning:  "continue" targeting switch is equivalent to "break". Did you mean to use "continue 2"? in /Users/annashelestiuk/Documents/bellcom-frontend/decreto-2.0/web/modules/contrib/calendar/src/CalendarHelper.php on line 469
[13-Mar-2020 09:53:57 Europe/Copenhagen] PHP Warning:  "continue" targeting switch is equivalent to "break". Did you mean to use "continue 2"? in /Users/annashelestiuk/Documents/bellcom-frontend/decreto-2.0/web/modules/contrib/calendar/src/CalendarHelper.php on line 469
[19-Mar-2020 15:07:47 Europe/Copenhagen] PHP Warning:  "continue" targeting switch is equivalent to "break". Did you mean to use "continue 2"? in /Users/annashelestiuk/Documents/bellcom-frontend/decreto-2.0/web/modules/contrib/calendar/src/CalendarHelper.php on line 469
[19-Mar-2020 15:07:55 Europe/Copenhagen] PHP Warning:  "continue" targeting switch is equivalent to "break". Did you mean to use "continue 2"? in /Users/annashelestiuk/Documents/bellcom-frontend/decreto-2.0/web/modules/contrib/calendar/src/CalendarHelper.php on line 469
[19-Mar-2020 19:06:51 Europe/Copenhagen] PHP Warning:  "continue" targeting switch is equivalent to "break". Did you mean to use "continue 2"? in /Users/annashelestiuk/Documents/bellcom-frontend/decreto-2.0/web/modules/contrib/calendar/src/CalendarHelper.php on line 469
[26-Mar-2020 12:55:10 Europe/Copenhagen] PHP Warning:  "continue" targeting switch is equivalent to "break". Did you mean to use "continue 2"? in /Users/annashelestiuk/Documents/bellcom-frontend/decreto-2.0/web/modules/contrib/calendar/src/CalendarHelper.php on line 469
[26-Mar-2020 12:55:20 Europe/Copenhagen] PHP Warning:  "continue" targeting switch is equivalent to "break". Did you mean to use "continue 2"? in /Users/annashelestiuk/Documents/bellcom-frontend/decreto-2.0/web/modules/contrib/calendar/src/CalendarHelper.php on line 469
[26-Mar-2020 14:46:58 Europe/Copenhagen] PHP Warning:  "continue" targeting switch is equivalent to "break". Did you mean to use "continue 2"? in /Users/annashelestiuk/Documents/bellcom-frontend/decreto-2.0/web/modules/contrib/calendar/src/CalendarHelper.php on line 469
[26-Mar-2020 17:33:54 Europe/Copenhagen] PHP Warning:  "continue" targeting switch is equivalent to "break". Did you mean to use "continue 2"? in /Users/annashelestiuk/Documents/bellcom-frontend/decreto-2.0/web/modules/contrib/calendar/src/CalendarHelper.php on line 469
[27-Mar-2020 16:30:22 Europe/Copenhagen] PHP Warning:  "continue" targeting switch is equivalent to "break". Did you mean to use "continue 2"? in /Users/annashelestiuk/Documents/bellcom-frontend/decreto-2.0/web/modules/contrib/calendar/src/CalendarHelper.php on line 469
[27-Mar-2020 16:30:29 Europe/Copenhagen] PHP Warning:  "continue" targeting switch is equivalent to "break". Did you mean to use "continue 2"? in /Users/annashelestiuk/Documents/bellcom-frontend/decreto-2.0/web/modules/contrib/calendar/src/CalendarHelper.php on line 469
[07-Apr-2020 14:01:46 Europe/Copenhagen] PHP Warning:  "continue" targeting switch is equivalent to "break". Did you mean to use "continue 2"? in /Users/annashelestiuk/Documents/bellcom-frontend/decreto-2.0/web/modules/contrib/calendar/src/CalendarHelper.php on line 469
[07-Apr-2020 14:18:47 Europe/Copenhagen] PHP Warning:  "continue" targeting switch is equivalent to "break". Did you mean to use "continue 2"? in /Users/annashelestiuk/Documents/bellcom-frontend/decreto-2.0/web/modules/contrib/calendar/src/CalendarHelper.php on line 469
[08-Apr-2020 15:43:58 Europe/Copenhagen] PHP Warning:  "continue" targeting switch is equivalent to "break". Did you mean to use "continue 2"? in /Users/annashelestiuk/Documents/bellcom-frontend/decreto-2.0/web/modules/contrib/calendar/src/CalendarHelper.php on line 469
[08-Apr-2020 15:46:19 Europe/Copenhagen] Uncaught PHP Exception Drupal\Core\Entity\Query\QueryException: "'org_id' not found" at /Users/annashelestiuk/Documents/bellcom-frontend/decreto-2.0/web/core/lib/Drupal/Core/Entity/Query/Sql/Tables.php line 367
[08-Apr-2020 15:50:41 Europe/Copenhagen] Uncaught PHP Exception Drupal\Core\Entity\Query\QueryException: "'org_id' not found" at /Users/annashelestiuk/Documents/bellcom-frontend/decreto-2.0/web/core/lib/Drupal/Core/Entity/Query/Sql/Tables.php line 367
[08-Apr-2020 15:50:50 Europe/Copenhagen] Uncaught PHP Exception Drupal\Core\Entity\Query\QueryException: "'org_id' not found" at /Users/annashelestiuk/Documents/bellcom-frontend/decreto-2.0/web/core/lib/Drupal/Core/Entity/Query/Sql/Tables.php line 367
[08-Apr-2020 15:53:06 Europe/Copenhagen] Uncaught PHP Exception Drupal\Core\Entity\Query\QueryException: "'org_id' not found" at /Users/annashelestiuk/Documents/bellcom-frontend/decreto-2.0/web/core/lib/Drupal/Core/Entity/Query/Sql/Tables.php line 367
[08-Apr-2020 17:20:17 Europe/Copenhagen] PHP Warning:  "continue" targeting switch is equivalent to "break". Did you mean to use "continue 2"? in /Users/annashelestiuk/Documents/bellcom-frontend/decreto-2.0/web/modules/contrib/calendar/src/CalendarHelper.php on line 469
[08-Apr-2020 17:31:17 Europe/Copenhagen] PHP Warning:  "continue" targeting switch is equivalent to "break". Did you mean to use "continue 2"? in /Users/annashelestiuk/Documents/bellcom-frontend/decreto-2.0/web/modules/contrib/calendar/src/CalendarHelper.php on line 469
[16-Apr-2020 13:01:01 Europe/Copenhagen] PHP Warning:  "continue" targeting switch is equivalent to "break". Did you mean to use "continue 2"? in /Users/annashelestiuk/Documents/bellcom-frontend/decreto-2.0/web/modules/contrib/calendar/src/CalendarHelper.php on line 469
[16-Apr-2020 15:38:29 Europe/Copenhagen] PHP Warning:  "continue" targeting switch is equivalent to "break". Did you mean to use "continue 2"? in /Users/annashelestiuk/Documents/bellcom-frontend/decreto-2.0/web/modules/contrib/calendar/src/CalendarHelper.php on line 469
[16-Apr-2020 16:04:21 Europe/Copenhagen] Uncaught PHP Exception Drupal\search_api_solr\SearchApiSolrException: "An error occurred while trying to search with Solr: Solr endpoint http://localhost:8983/ unreachable or returned unexpected response code "0"." at /Users/annashelestiuk/Documents/bellcom-frontend/decreto-2.0/web/modules/contrib/search_api_solr/src/Plugin/search_api/backend/SearchApiSolrBackend.php line 1581
[16-Apr-2020 17:02:55 Europe/Copenhagen] PHP Warning:  "continue" targeting switch is equivalent to "break". Did you mean to use "continue 2"? in /Users/annashelestiuk/Documents/bellcom-frontend/decreto-2.0/web/modules/contrib/calendar/src/CalendarHelper.php on line 469
[16-Apr-2020 17:03:28 Europe/Copenhagen] PHP Warning:  "continue" targeting switch is equivalent to "break". Did you mean to use "continue 2"? in /Users/annashelestiuk/Documents/bellcom-frontend/decreto-2.0/web/modules/contrib/calendar/src/CalendarHelper.php on line 469
[16-Apr-2020 18:31:40 Europe/Copenhagen] PHP Warning:  "continue" targeting switch is equivalent to "break". Did you mean to use "continue 2"? in /Users/annashelestiuk/Documents/bellcom-frontend/decreto-2.0/web/modules/contrib/calendar/src/CalendarHelper.php on line 469
